
> whatsapp-assistant-bot@2.0.0 build
> next build

   Ôû▓ Next.js 15.5.12
   - Environments: .env

   Creating an optimized production build ...
